{
  "_note1": "KEEP THIS FILE! Check it into a version control system (VCS) like git.",
  "_note2": "ObjectBox manages crucial IDs for your object model. See docs for details.",
  "_note3": "If you have VCS merge conflicts, you must resolve them according to ObjectBox docs.",
  "entities": [
    {
      "id": "1:16640",
      "lastPropertyId": "2:15616",
      "name": "Author",
      "properties": [
        {
          "id": "1:14592",
          "name": "id",
          "type": 6,
          "flags": 1
        },
        {
          "id": "2:15616",
          "name": "name",
          "type": 9
        }
      ],
      "relations": []
    },
    {
      "id": "2:20736",
      "lastPropertyId": "2:18688",
      "name": "Book",
      "properties": [
        {
          "id": "1:17664",
          "name": "id",
          "type": 6,
          "flags": 1
        },
        {
          "id": "2:18688",
          "name": "name",
          "type": 9
        }
      ],
      "relations": [
        {
          "id": "1:19712",
          "name": "authors",
          "targetId": "1:16640"
        }
      ]
    }
  ],
  "lastEntityId": "2:20736",
  "lastIndexId": "0:0",
  "lastRelationId": "1:19712",
  "lastSequenceId": "0:0",
  "modelVersion": 5,
  "modelVersionParserMinimum": 4,
  "retiredEntityUids": [],
  "retiredIndexUids": [],
  "retiredPropertyUids": [],
  "retiredRelationUids": [],
  "version": 1
}