{
  "_note1": "KEEP THIS FILE! Check it into a version control system (VCS) like git.",
  "_note2": "ObjectBox manages crucial IDs for your object model. See docs for details.",
  "_note3": "If you have VCS merge conflicts, you must resolve them according to ObjectBox docs.",
  "entities": [
    {
      "id": "1:18688",
      "lastPropertyId": "4:19712",
      "name": "Building",
      "properties": [
        {
          "id": "1:14592",
          "name": "id",
          "type": 6,
          "flags": 1
        },
        {
          "id": "2:16640",
          "name": "buildingName",
          "indexId": "1:15616",
          "type": 9,
          "flags": 2088
        },
        {
          "id": "3:17664",
          "name": "buildingNumber",
          "type": 6
        },
        {
          "id": "4:19712",
          "name": "stringId",
          "indexId": "2:123456",
          "type": 9,
          "flags": 34856
        }
      ],
      "relations": []
    }
  ],
  "lastEntityId": "1:18688",
  "lastIndexId": "2:123456",
  "lastRelationId": "0:0",
  "lastSequenceId": "0:0",
  "modelVersion": 5,
  "modelVersionParserMinimum": 4,
  "retiredEntityUids": [],
  "retiredIndexUids": [],
  "retiredPropertyUids": [],
  "retiredRelationUids": [],
  "version": 1
}