{
  "_note1": "KEEP THIS FILE! Check it into a version control system (VCS) like git.",
  "_note2": "ObjectBox manages crucial IDs for your object model. See docs for details.",
  "_note3": "If you have VCS merge conflicts, you must resolve them according to ObjectBox docs.",
  "entities": [
    {
      "id": "1:17664",
      "lastPropertyId": "3:15616",
      "name": "BusRoute",
      "properties": [
        {
          "id": "1:14592",
          "name": "id",
          "type": 6,
          "flags": 1
        },
        {
          "id": "2:16640",
          "name": "lineName",
          "type": 9
        },
        {
          "id": "3:15616",
          "name": "destinationName",
          "indexId": "2:18688",
          "type": 9,
          "flags": 2056
        }
      ],
      "relations": []
    }
  ],
  "lastEntityId": "1:17664",
  "lastIndexId": "2:18688",
  "lastRelationId": "0:0",
  "lastSequenceId": "0:0",
  "modelVersion": 5,
  "modelVersionParserMinimum": 4,
  "retiredEntityUids": [],
  "retiredIndexUids": [
    15616
  ],
  "retiredPropertyUids": [],
  "retiredRelationUids": [],
  "version": 1
}