{
  "_note1": "KEEP THIS FILE! Check it into a version control system (VCS) like git.",
  "_note2": "ObjectBox manages crucial IDs for your object model. See docs for details.",
  "_note3": "If you have VCS merge conflicts, you must resolve them according to ObjectBox docs.",
  "entities": [
    {
      "id": "1:21504",
      "lastPropertyId": "7:20736",
      "name": "AnnotatedType",
      "properties": [
        {
          "flags": 1,
          "id": "1:14592",
          "name": "id",
          "type": 6
        },
        {
          "id": "2:15616",
          "name": "flexData",
          "type": 13
        },
        {
          "id": "3:16640",
          "name": "flexDataNullable",
          "type": 13
        },
        {
          "id": "4:17664",
          "name": "flexByteArray",
          "type": 13
        },
        {
          "id": "5:18688",
          "name": "dateValue",
          "type": 12
        },
        {
          "id": "6:19712",
          "name": "dateNullable",
          "type": 12
        },
        {
          "id": "7:20736",
          "name": "dateIdCompanion",
          "type": 12
        }
      ],
      "relations": []
    },
    {
      "id": "2:42496",
      "lastPropertyId": "20:41728",
      "name": "TypeTest",
      "properties": [
        {
          "flags": 1,
          "id": "1:22528",
          "name": "id",
          "type": 6
        },
        {
          "id": "2:23552",
          "name": "intValue",
          "type": 6
        },
        {
          "id": "3:24576",
          "name": "int8Value",
          "type": 2
        },
        {
          "id": "4:25600",
          "name": "int16Value",
          "type": 3
        },
        {
          "id": "5:26624",
          "name": "int32Value",
          "type": 5
        },
        {
          "id": "6:27648",
          "name": "int64Value",
          "type": 6
        },
        {
          "flags": 8192,
          "id": "7:28672",
          "name": "uintValue",
          "type": 6
        },
        {
          "flags": 8192,
          "id": "8:29696",
          "name": "uint8Value",
          "type": 2
        },
        {
          "flags": 8192,
          "id": "9:30720",
          "name": "uint16Value",
          "type": 3
        },
        {
          "flags": 8192,
          "id": "10:31744",
          "name": "uint32Value",
          "type": 5
        },
        {
          "flags": 8192,
          "id": "11:32512",
          "name": "uint64Value",
          "type": 6
        },
        {
          "id": "12:33536",
          "name": "boolValue",
          "type": 1
        },
        {
          "id": "13:34560",
          "name": "stringValue",
          "type": 9
        },
        {
          "id": "14:35584",
          "name": "byteValue"
        },
        {
          "id": "15:36608",
          "name": "bytes",
          "type": 23
        },
        {
          "id": "16:37632",
          "name": "byteArray",
          "type": 23
        },
        {
          "id": "17:38656",
          "name": "floatValue",
          "type": 7
        },
        {
          "id": "18:39680",
          "name": "doubleValue",
          "type": 8
        },
        {
          "id": "19:40704",
          "name": "dateValue",
          "type": 10
        },
        {
          "id": "20:41728",
          "name": "floatArray",
          "type": 28
        }
      ],
      "relations": []
    }
  ],
  "lastEntityId": "2:42496",
  "lastIndexId": "0:0",
  "lastRelationId": "0:0",
  "lastSequenceId": "0:0",
  "modelVersion": 5,
  "modelVersionParserMinimum": 4,
  "retiredEntityUids": [],
  "retiredIndexUids": [],
  "retiredPropertyUids": [],
  "retiredRelationUids": [],
  "version": 1
}