Schema {
	entities = [SchemaEntity {
		modelId = Optional(1)
		modelUid = Optional(18688)
		className = Building
		dbName = nil
		properties = [SchemaProperty {
			modelId = Optional(IdUid(1:14592))
			propertyName = id
			propertyType = long
			propertyFlags = [SourceryLib.PropertyFlags.id]
			propertySwiftType = EntityId<Building>
			entityName = Building
			unwrappedPropertyType = EntityId<Building>
			dbName = nil
			modelIndexId = nil
			backlinkName = nil
			backlinkType = nil
			isObjectId = true
			isBuiltInType = true
			isStringType = false
			isRelation = false
		}
, SchemaProperty {
			modelId = Optional(IdUid(2:16640))
			propertyName = buildingName
			propertyType = string
			propertyFlags = [SourceryLib.PropertyFlags.unique, SourceryLib.PropertyFlags.indexed, SourceryLib.PropertyFlags.indexHash]
			propertySwiftType = String
			entityName = Building
			unwrappedPropertyType = String
			dbName = nil
			modelIndexId = Optional(IdUid(1:15616))
			backlinkName = nil
			backlinkType = nil
			isObjectId = false
			isBuiltInType = false
			isStringType = true
			isRelation = false
		}
, SchemaProperty {
			modelId = Optional(IdUid(3:17664))
			propertyName = buildingNumber
			propertyType = long
			propertyFlags = []
			propertySwiftType = Int
			entityName = Building
			unwrappedPropertyType = Int
			dbName = nil
			modelIndexId = nil
			backlinkName = nil
			backlinkType = nil
			isObjectId = false
			isBuiltInType = true
			isStringType = false
			isRelation = false
		}
, SchemaProperty {
			modelId = Optional(IdUid(4:19712))
			propertyName = stringId
			propertyType = string
			propertyFlags = [SourceryLib.PropertyFlags.unique, SourceryLib.PropertyFlags.uniqueOnConflictReplace, SourceryLib.PropertyFlags.indexed, SourceryLib.PropertyFlags.indexHash]
			propertySwiftType = String
			entityName = Building
			unwrappedPropertyType = String
			dbName = nil
			modelIndexId = Optional(IdUid(2:123456))
			backlinkName = nil
			backlinkType = nil
			isObjectId = false
			isBuiltInType = false
			isStringType = true
			isRelation = false
		}
]
		indexes = [SchemaIndex {
			modelId = IdUid(1:15616)
			properties = ["buildingName"]
		}
, SchemaIndex {
			modelId = IdUid(2:123456)
			properties = ["stringId"]
		}
]
		relations = []
		toManyRelations = []
		lastPropertyId = Optional(IdUid(4:19712))
		isEntitySubclass = true
		isValueType = false
		hasStringProperties = true
		idProperty = Optional(SchemaProperty {
			modelId = Optional(IdUid(1:14592))
			propertyName = id
			propertyType = long
			propertyFlags = [SourceryLib.PropertyFlags.id]
			propertySwiftType = EntityId<Building>
			entityName = Building
			unwrappedPropertyType = EntityId<Building>
			dbName = nil
			modelIndexId = nil
			backlinkName = nil
			backlinkType = nil
			isObjectId = true
			isBuiltInType = true
			isStringType = false
			isRelation = false
		}
)
		idCandidates = [SchemaProperty {
			modelId = Optional(IdUid(1:14592))
			propertyName = id
			propertyType = long
			propertyFlags = [SourceryLib.PropertyFlags.id]
			propertySwiftType = EntityId<Building>
			entityName = Building
			unwrappedPropertyType = EntityId<Building>
			dbName = nil
			modelIndexId = nil
			backlinkName = nil
			backlinkType = nil
			isObjectId = true
			isBuiltInType = true
			isStringType = false
			isRelation = false
		}
]
	}
]
lastEntityId = IdUid(1:18688)
	lastRelationId = IdUid(0:0)
	lastIndexId = IdUid(2:123456)
}
